
> backend@0.0.1 test:e2e
> jest --config ./test/jest-e2e.json security.e2e-spec.ts --verbose

node.exe : FAIL test/security.e2e-spec.ts
En línea: 1 Carácter: 1
+ & "C:\Program Files\nodejs/node.exe" "C:\Program 
Files\nodejs/node_mo ...
+ ~~~~~~~~~~~~~~~~~~~~~~~~~~~~~~~~~~~~~~~~~~~~~~~~~~~~~~~~~~~~~~~
~~~~~~
    + CategoryInfo          : NotSpecified: (FAIL test/security. 
   e2e-spec.ts:String) [], RemoteException
    + FullyQualifiedErrorId : NativeCommandError
 
  Security Integration (Guards)
    Global JWT Protection
      ├ù should return 401 Unauthorized for a protected route 
(e.g., /health) (2 ms)
      ├ù should return 200 OK for a public route marked with 
@Public() (e.g., /api/v1/catalogs/specialties) (1 ms)
    Authentication Flow Access
      ├ù should allow access to registration without token
      ├ù should allow access to login without token (1 ms)

  ÔùÅ Security Integration (Guards) ÔÇ║ Global JWT Protection 
ÔÇ║ should return 401 Unauthorized for a protected route (e.g., 
/health)

    TypeError: request is not a function

    [0m [90m 23 |[39m     it([32m'should return 401 
Unauthorized for a protected route (e.g., 
/health)'[39m[33m,[39m () [33m=>[39m {
     [90m 24 |[39m       [90m// Al ser un guard global en 
IamModule, /health est├í protegido por defecto[39m
    [31m[1m>[22m[39m[90m 25 |[39m       [36mreturn[39m 
request(app[33m.[39mgetHttpServer())
     [90m    |[39m              [31m[1m^[22m[39m
     [90m 26 |[39m         
[33m.[39m[36mget[39m([32m'/health'[39m)
     [90m 27 |[39m         
[33m.[39mexpect([35m401[39m)[33m;[39m
     [90m 28 |[39m     })[33m;[39m[0m

      at Object.<anonymous> (security.e2e-spec.ts:25:14)

  ÔùÅ Security Integration (Guards) ÔÇ║ Global JWT Protection 
ÔÇ║ should return 200 OK for a public route marked with 
@Public() (e.g., /api/v1/catalogs/specialties)

    TypeError: request is not a function

    [0m [90m 29 |[39m
     [90m 30 |[39m     it([32m'should return 200 OK for a 
public route marked with @Public() (e.g., 
/api/v1/catalogs/specialties)'[39m[33m,[39m () [33m=>[39m {
    [31m[1m>[22m[39m[90m 31 |[39m       [36mreturn[39m 
request(app[33m.[39mgetHttpServer())
     [90m    |[39m              [31m[1m^[22m[39m
     [90m 32 |[39m         [33m.[39m[36mget[39m([32m'/api/
v1/catalogs/specialties'[39m)
     [90m 33 |[39m         
[33m.[39mexpect([35m200[39m)[33m;[39m
     [90m 34 |[39m     })[33m;[39m[0m

      at Object.<anonymous> (security.e2e-spec.ts:31:14)

  ÔùÅ Security Integration (Guards) ÔÇ║ Authentication Flow 
Access ÔÇ║ should allow access to registration without token

    TypeError: request is not a function

    [0m [90m 37 |[39m   describe([32m'Authentication Flow 
Access'[39m[33m,[39m () [33m=>[39m {
     [90m 38 |[39m     it([32m'should allow access to 
registration without token'[39m[33m,[39m () [33m=>[39m {
    [31m[1m>[22m[39m[90m 39 |[39m       [36mreturn[39m 
request(app[33m.[39mgetHttpServer())
     [90m    |[39m              [31m[1m^[22m[39m
     [90m 40 |[39m         
[33m.[39mpost([32m'/api/v1/auth/register'[39m)
     [90m 41 |[39m         [33m.[39msend({}) [90m// El 
error ser├í 400 (BadRequest) por validaci├│n, no 401[39m
     [90m 42 |[39m         [33m.[39mexpect((res) 
[33m=>[39m {[0m

      at Object.<anonymous> (security.e2e-spec.ts:39:14)

  ÔùÅ Security Integration (Guards) ÔÇ║ Authentication Flow 
Access ÔÇ║ should allow access to login without token

    TypeError: request is not a function

    [0m [90m 46 |[39m
     [90m 47 |[39m     it([32m'should allow access to login 
without token'[39m[33m,[39m () [33m=>[39m {
    [31m[1m>[22m[39m[90m 48 |[39m       [36mreturn[39m 
request(app[33m.[39mgetHttpServer())
     [90m    |[39m              [31m[1m^[22m[39m
     [90m 49 |[39m         
[33m.[39mpost([32m'/api/v1/auth/login'[39m)
     [90m 50 |[39m         [33m.[39msend({})
     [90m 51 |[39m         [33m.[39mexpect((res) 
[33m=>[39m {[0m

      at Object.<anonymous> (security.e2e-spec.ts:48:14)

Test Suites: 1 failed, 1 total
Tests:       4 failed, 4 total
Snapshots:   0 total
Time:        3.213 s, estimated 4 s
Ran all test suites matching security.e2e-spec.ts.
